Archive member included because of file (symbol)

/home/moker/embed_learn/avr8-gnu-toolchain-linux_x86_64/bin/../lib/gcc/avr/4.7.2/avr4/libgcc.a(_udivmodsi4.o)
                              hw_uart.o (__udivmodsi4)
/home/moker/embed_learn/avr8-gnu-toolchain-linux_x86_64/bin/../lib/gcc/avr/4.7.2/avr4/libgcc.a(_exit.o)
                              /home/moker/embed_learn/avr8-gnu-toolchain-linux_x86_64/bin/../lib/gcc/avr/4.7.2/../../../../avr/lib/avr4/crtm88p.o (exit)
/home/moker/embed_learn/avr8-gnu-toolchain-linux_x86_64/bin/../lib/gcc/avr/4.7.2/avr4/libgcc.a(_copy_data.o)
                              main.o (__do_copy_data)
/home/moker/embed_learn/avr8-gnu-toolchain-linux_x86_64/bin/../lib/gcc/avr/4.7.2/avr4/libgcc.a(_clear_bss.o)
                              main.o (__do_clear_bss)
/home/moker/embed_learn/avr8-gnu-toolchain-linux_x86_64/bin/../lib/gcc/avr/4.7.2/../../../../avr/lib/avr4/libc.a(iob.o)
                              main.o (__iob)
/home/moker/embed_learn/avr8-gnu-toolchain-linux_x86_64/bin/../lib/gcc/avr/4.7.2/../../../../avr/lib/avr4/libc.a(printf.o)
                              main.o (printf)
/home/moker/embed_learn/avr8-gnu-toolchain-linux_x86_64/bin/../lib/gcc/avr/4.7.2/../../../../avr/lib/avr4/libc.a(puts.o)
                              main.o (puts)
/home/moker/embed_learn/avr8-gnu-toolchain-linux_x86_64/bin/../lib/gcc/avr/4.7.2/../../../../avr/lib/avr4/libc.a(vfprintf_std.o)
                              /home/moker/embed_learn/avr8-gnu-toolchain-linux_x86_64/bin/../lib/gcc/avr/4.7.2/../../../../avr/lib/avr4/libc.a(printf.o) (vfprintf)
/home/moker/embed_learn/avr8-gnu-toolchain-linux_x86_64/bin/../lib/gcc/avr/4.7.2/../../../../avr/lib/avr4/libc.a(strnlen_P.o)
                              /home/moker/embed_learn/avr8-gnu-toolchain-linux_x86_64/bin/../lib/gcc/avr/4.7.2/../../../../avr/lib/avr4/libc.a(vfprintf_std.o) (strnlen_P)
/home/moker/embed_learn/avr8-gnu-toolchain-linux_x86_64/bin/../lib/gcc/avr/4.7.2/../../../../avr/lib/avr4/libc.a(strnlen.o)
                              /home/moker/embed_learn/avr8-gnu-toolchain-linux_x86_64/bin/../lib/gcc/avr/4.7.2/../../../../avr/lib/avr4/libc.a(vfprintf_std.o) (strnlen)
/home/moker/embed_learn/avr8-gnu-toolchain-linux_x86_64/bin/../lib/gcc/avr/4.7.2/../../../../avr/lib/avr4/libc.a(fputc.o)
                              /home/moker/embed_learn/avr8-gnu-toolchain-linux_x86_64/bin/../lib/gcc/avr/4.7.2/../../../../avr/lib/avr4/libc.a(vfprintf_std.o) (fputc)
/home/moker/embed_learn/avr8-gnu-toolchain-linux_x86_64/bin/../lib/gcc/avr/4.7.2/../../../../avr/lib/avr4/libc.a(ultoa_invert.o)
                              /home/moker/embed_learn/avr8-gnu-toolchain-linux_x86_64/bin/../lib/gcc/avr/4.7.2/../../../../avr/lib/avr4/libc.a(vfprintf_std.o) (__ultoa_invert)
/home/moker/embed_learn/avr8-gnu-toolchain-linux_x86_64/bin/../lib/gcc/avr/4.7.2/avr4/libgcc.a(_prologue.o)
                              /home/moker/embed_learn/avr8-gnu-toolchain-linux_x86_64/bin/../lib/gcc/avr/4.7.2/../../../../avr/lib/avr4/libc.a(printf.o) (__prologue_saves__)
/home/moker/embed_learn/avr8-gnu-toolchain-linux_x86_64/bin/../lib/gcc/avr/4.7.2/avr4/libgcc.a(_epilogue.o)
                              /home/moker/embed_learn/avr8-gnu-toolchain-linux_x86_64/bin/../lib/gcc/avr/4.7.2/../../../../avr/lib/avr4/libc.a(printf.o) (__epilogue_restores__)

Allocating common symbols
Common symbol       size              file

__iob               0x6               /home/moker/embed_learn/avr8-gnu-toolchain-linux_x86_64/bin/../lib/gcc/avr/4.7.2/../../../../avr/lib/avr4/libc.a(iob.o)

Memory Configuration

Name             Origin             Length             Attributes
text             0x0000000000000000 0x0000000000002000 xr
data             0x0000000000800060 0x000000000000ffa0 rw !x
eeprom           0x0000000000810000 0x0000000000010000 rw !x
fuse             0x0000000000820000 0x0000000000000400 rw !x
lock             0x0000000000830000 0x0000000000000400 rw !x
signature        0x0000000000840000 0x0000000000000400 rw !x
user_signatures  0x0000000000850000 0x0000000000000400 rw !x
*default*        0x0000000000000000 0xffffffffffffffff

Linker script and memory map

Address of section .data set to 0x800100
LOAD /home/moker/embed_learn/avr8-gnu-toolchain-linux_x86_64/bin/../lib/gcc/avr/4.7.2/../../../../avr/lib/avr4/crtm88p.o
LOAD main.o
LOAD hw_spi.o
LOAD hw_uart.o
LOAD /home/moker/embed_learn/avr8-gnu-toolchain-linux_x86_64/bin/../lib/gcc/avr/4.7.2/avr4/libgcc.a
LOAD /home/moker/embed_learn/avr8-gnu-toolchain-linux_x86_64/bin/../lib/gcc/avr/4.7.2/../../../../avr/lib/avr4/libc.a
LOAD /home/moker/embed_learn/avr8-gnu-toolchain-linux_x86_64/bin/../lib/gcc/avr/4.7.2/avr4/libgcc.a

.hash
 *(.hash)

.dynsym
 *(.dynsym)

.dynstr
 *(.dynstr)

.gnu.version
 *(.gnu.version)

.gnu.version_d
 *(.gnu.version_d)

.gnu.version_r
 *(.gnu.version_r)

.rel.init
 *(.rel.init)

.rela.init
 *(.rela.init)

.rel.text
 *(.rel.text)
 *(.rel.text.*)
 *(.rel.gnu.linkonce.t*)

.rela.text
 *(.rela.text)
 *(.rela.text.*)
 *(.rela.gnu.linkonce.t*)

.rel.fini
 *(.rel.fini)

.rela.fini
 *(.rela.fini)

.rel.rodata
 *(.rel.rodata)
 *(.rel.rodata.*)
 *(.rel.gnu.linkonce.r*)

.rela.rodata
 *(.rela.rodata)
 *(.rela.rodata.*)
 *(.rela.gnu.linkonce.r*)

.rel.data
 *(.rel.data)
 *(.rel.data.*)
 *(.rel.gnu.linkonce.d*)

.rela.data
 *(.rela.data)
 *(.rela.data.*)
 *(.rela.gnu.linkonce.d*)

.rel.ctors
 *(.rel.ctors)

.rela.ctors
 *(.rela.ctors)

.rel.dtors
 *(.rel.dtors)

.rela.dtors
 *(.rela.dtors)

.rel.got
 *(.rel.got)

.rela.got
 *(.rela.got)

.rel.bss
 *(.rel.bss)

.rela.bss
 *(.rela.bss)

.rel.plt
 *(.rel.plt)

.rela.plt
 *(.rela.plt)

.text           0x0000000000000000      0x7de
 *(.vectors)
 .vectors       0x0000000000000000       0x34 /home/moker/embed_learn/avr8-gnu-toolchain-linux_x86_64/bin/../lib/gcc/avr/4.7.2/../../../../avr/lib/avr4/crtm88p.o
                0x0000000000000000                __vectors
                0x0000000000000000                __vector_default
 *(.vectors)
 *(.progmem.gcc*)
 *(.progmem*)
                0x0000000000000034                . = ALIGN (0x2)
                0x0000000000000034                __trampolines_start = .
 *(.trampolines)
 .trampolines   0x0000000000000034        0x0 linker stubs
 *(.trampolines*)
                0x0000000000000034                __trampolines_end = .
 *(.jumptables)
 *(.jumptables*)
 *(.lowtext)
 *(.lowtext*)
                0x0000000000000034                __ctors_start = .
 *(.ctors)
                0x0000000000000034                __ctors_end = .
                0x0000000000000034                __dtors_start = .
 *(.dtors)
                0x0000000000000034                __dtors_end = .
 SORT(*)(.ctors)
 SORT(*)(.dtors)
 *(.init0)
 .init0         0x0000000000000034        0x0 /home/moker/embed_learn/avr8-gnu-toolchain-linux_x86_64/bin/../lib/gcc/avr/4.7.2/../../../../avr/lib/avr4/crtm88p.o
                0x0000000000000034                __init
 *(.init0)
 *(.init1)
 *(.init1)
 *(.init2)
 .init2         0x0000000000000034        0xc /home/moker/embed_learn/avr8-gnu-toolchain-linux_x86_64/bin/../lib/gcc/avr/4.7.2/../../../../avr/lib/avr4/crtm88p.o
 *(.init2)
 *(.init3)
 *(.init3)
 *(.init4)
 .init4         0x0000000000000040       0x16 /home/moker/embed_learn/avr8-gnu-toolchain-linux_x86_64/bin/../lib/gcc/avr/4.7.2/avr4/libgcc.a(_copy_data.o)
                0x0000000000000040                __do_copy_data
 .init4         0x0000000000000056       0x10 /home/moker/embed_learn/avr8-gnu-toolchain-linux_x86_64/bin/../lib/gcc/avr/4.7.2/avr4/libgcc.a(_clear_bss.o)
                0x0000000000000056                __do_clear_bss
 *(.init4)
 *(.init5)
 *(.init5)
 *(.init6)
 *(.init6)
 *(.init7)
 *(.init7)
 *(.init8)
 *(.init8)
 *(.init9)
 .init9         0x0000000000000066        0x4 /home/moker/embed_learn/avr8-gnu-toolchain-linux_x86_64/bin/../lib/gcc/avr/4.7.2/../../../../avr/lib/avr4/crtm88p.o
 *(.init9)
 *(.text)
 .text          0x000000000000006a        0x2 /home/moker/embed_learn/avr8-gnu-toolchain-linux_x86_64/bin/../lib/gcc/avr/4.7.2/../../../../avr/lib/avr4/crtm88p.o
                0x000000000000006a                __vector_22
                0x000000000000006a                __vector_1
                0x000000000000006a                __vector_24
                0x000000000000006a                __vector_12
                0x000000000000006a                __bad_interrupt
                0x000000000000006a                __vector_6
                0x000000000000006a                __vector_3
                0x000000000000006a                __vector_23
                0x000000000000006a                __vector_25
                0x000000000000006a                __vector_11
                0x000000000000006a                __vector_13
                0x000000000000006a                __vector_17
                0x000000000000006a                __vector_19
                0x000000000000006a                __vector_7
                0x000000000000006a                __vector_5
                0x000000000000006a                __vector_4
                0x000000000000006a                __vector_9
                0x000000000000006a                __vector_2
                0x000000000000006a                __vector_21
                0x000000000000006a                __vector_15
                0x000000000000006a                __vector_8
                0x000000000000006a                __vector_14
                0x000000000000006a                __vector_10
                0x000000000000006a                __vector_16
                0x000000000000006a                __vector_20
 .text          0x000000000000006c        0x0 main.o
 .text          0x000000000000006c       0x66 hw_spi.o
                0x000000000000006c                MOS_SPI_Init
                0x0000000000000094                MOS_SPI_Master_WriteRead
                0x00000000000000c4                MOS_SPI_Master_Read
                0x00000000000000ca                MOS_SPI_Master_Write
 .text          0x00000000000000d2       0xb4 hw_uart.o
                0x00000000000000d2                MOS_UART_Init
                0x0000000000000136                MOS_UART_Write
                0x0000000000000158                MOS_UART_Read
                0x000000000000015e                __vector_18
 .text          0x0000000000000186        0x0 /home/moker/embed_learn/avr8-gnu-toolchain-linux_x86_64/bin/../lib/gcc/avr/4.7.2/avr4/libgcc.a(_udivmodsi4.o)
 .text          0x0000000000000186        0x0 /home/moker/embed_learn/avr8-gnu-toolchain-linux_x86_64/bin/../lib/gcc/avr/4.7.2/avr4/libgcc.a(_exit.o)
 .text          0x0000000000000186        0x0 /home/moker/embed_learn/avr8-gnu-toolchain-linux_x86_64/bin/../lib/gcc/avr/4.7.2/avr4/libgcc.a(_copy_data.o)
 .text          0x0000000000000186        0x0 /home/moker/embed_learn/avr8-gnu-toolchain-linux_x86_64/bin/../lib/gcc/avr/4.7.2/avr4/libgcc.a(_clear_bss.o)
 .text          0x0000000000000186        0x0 /home/moker/embed_learn/avr8-gnu-toolchain-linux_x86_64/bin/../lib/gcc/avr/4.7.2/../../../../avr/lib/avr4/libc.a(iob.o)
 .text          0x0000000000000186        0x0 /home/moker/embed_learn/avr8-gnu-toolchain-linux_x86_64/bin/../lib/gcc/avr/4.7.2/../../../../avr/lib/avr4/libc.a(printf.o)
 .text          0x0000000000000186        0x0 /home/moker/embed_learn/avr8-gnu-toolchain-linux_x86_64/bin/../lib/gcc/avr/4.7.2/../../../../avr/lib/avr4/libc.a(puts.o)
 .text          0x0000000000000186        0x0 /home/moker/embed_learn/avr8-gnu-toolchain-linux_x86_64/bin/../lib/gcc/avr/4.7.2/../../../../avr/lib/avr4/libc.a(vfprintf_std.o)
 .text          0x0000000000000186        0x0 /home/moker/embed_learn/avr8-gnu-toolchain-linux_x86_64/bin/../lib/gcc/avr/4.7.2/../../../../avr/lib/avr4/libc.a(strnlen_P.o)
 .text          0x0000000000000186        0x0 /home/moker/embed_learn/avr8-gnu-toolchain-linux_x86_64/bin/../lib/gcc/avr/4.7.2/../../../../avr/lib/avr4/libc.a(strnlen.o)
 .text          0x0000000000000186        0x0 /home/moker/embed_learn/avr8-gnu-toolchain-linux_x86_64/bin/../lib/gcc/avr/4.7.2/../../../../avr/lib/avr4/libc.a(fputc.o)
 .text          0x0000000000000186        0x0 /home/moker/embed_learn/avr8-gnu-toolchain-linux_x86_64/bin/../lib/gcc/avr/4.7.2/../../../../avr/lib/avr4/libc.a(ultoa_invert.o)
 .text          0x0000000000000186        0x0 /home/moker/embed_learn/avr8-gnu-toolchain-linux_x86_64/bin/../lib/gcc/avr/4.7.2/avr4/libgcc.a(_prologue.o)
 .text          0x0000000000000186        0x0 /home/moker/embed_learn/avr8-gnu-toolchain-linux_x86_64/bin/../lib/gcc/avr/4.7.2/avr4/libgcc.a(_epilogue.o)
                0x0000000000000186                . = ALIGN (0x2)
 *(.text.*)
 .text.startup  0x0000000000000186       0x48 main.o
                0x0000000000000186                main
 .text.libgcc.mul
                0x00000000000001ce        0x0 /home/moker/embed_learn/avr8-gnu-toolchain-linux_x86_64/bin/../lib/gcc/avr/4.7.2/avr4/libgcc.a(_udivmodsi4.o)
 .text.libgcc.div
                0x00000000000001ce       0x44 /home/moker/embed_learn/avr8-gnu-toolchain-linux_x86_64/bin/../lib/gcc/avr/4.7.2/avr4/libgcc.a(_udivmodsi4.o)
                0x00000000000001ce                __udivmodsi4
 .text.libgcc   0x0000000000000212        0x0 /home/moker/embed_learn/avr8-gnu-toolchain-linux_x86_64/bin/../lib/gcc/avr/4.7.2/avr4/libgcc.a(_udivmodsi4.o)
 .text.libgcc.prologue
                0x0000000000000212        0x0 /home/moker/embed_learn/avr8-gnu-toolchain-linux_x86_64/bin/../lib/gcc/avr/4.7.2/avr4/libgcc.a(_udivmodsi4.o)
 .text.libgcc.builtins
                0x0000000000000212        0x0 /home/moker/embed_learn/avr8-gnu-toolchain-linux_x86_64/bin/../lib/gcc/avr/4.7.2/avr4/libgcc.a(_udivmodsi4.o)
 .text.libgcc.fmul
                0x0000000000000212        0x0 /home/moker/embed_learn/avr8-gnu-toolchain-linux_x86_64/bin/../lib/gcc/avr/4.7.2/avr4/libgcc.a(_udivmodsi4.o)
 .text.libgcc.mul
                0x0000000000000212        0x0 /home/moker/embed_learn/avr8-gnu-toolchain-linux_x86_64/bin/../lib/gcc/avr/4.7.2/avr4/libgcc.a(_exit.o)
 .text.libgcc.div
                0x0000000000000212        0x0 /home/moker/embed_learn/avr8-gnu-toolchain-linux_x86_64/bin/../lib/gcc/avr/4.7.2/avr4/libgcc.a(_exit.o)
 .text.libgcc   0x0000000000000212        0x0 /home/moker/embed_learn/avr8-gnu-toolchain-linux_x86_64/bin/../lib/gcc/avr/4.7.2/avr4/libgcc.a(_exit.o)
 .text.libgcc.prologue
                0x0000000000000212        0x0 /home/moker/embed_learn/avr8-gnu-toolchain-linux_x86_64/bin/../lib/gcc/avr/4.7.2/avr4/libgcc.a(_exit.o)
 .text.libgcc.builtins
                0x0000000000000212        0x0 /home/moker/embed_learn/avr8-gnu-toolchain-linux_x86_64/bin/../lib/gcc/avr/4.7.2/avr4/libgcc.a(_exit.o)
 .text.libgcc.fmul
                0x0000000000000212        0x0 /home/moker/embed_learn/avr8-gnu-toolchain-linux_x86_64/bin/../lib/gcc/avr/4.7.2/avr4/libgcc.a(_exit.o)
 .text.libgcc.mul
                0x0000000000000212        0x0 /home/moker/embed_learn/avr8-gnu-toolchain-linux_x86_64/bin/../lib/gcc/avr/4.7.2/avr4/libgcc.a(_copy_data.o)
 .text.libgcc.div
                0x0000000000000212        0x0 /home/moker/embed_learn/avr8-gnu-toolchain-linux_x86_64/bin/../lib/gcc/avr/4.7.2/avr4/libgcc.a(_copy_data.o)
 .text.libgcc   0x0000000000000212        0x0 /home/moker/embed_learn/avr8-gnu-toolchain-linux_x86_64/bin/../lib/gcc/avr/4.7.2/avr4/libgcc.a(_copy_data.o)
 .text.libgcc.prologue
                0x0000000000000212        0x0 /home/moker/embed_learn/avr8-gnu-toolchain-linux_x86_64/bin/../lib/gcc/avr/4.7.2/avr4/libgcc.a(_copy_data.o)
 .text.libgcc.builtins
                0x0000000000000212        0x0 /home/moker/embed_learn/avr8-gnu-toolchain-linux_x86_64/bin/../lib/gcc/avr/4.7.2/avr4/libgcc.a(_copy_data.o)
 .text.libgcc.fmul
                0x0000000000000212        0x0 /home/moker/embed_learn/avr8-gnu-toolchain-linux_x86_64/bin/../lib/gcc/avr/4.7.2/avr4/libgcc.a(_copy_data.o)
 .text.libgcc.mul
                0x0000000000000212        0x0 /home/moker/embed_learn/avr8-gnu-toolchain-linux_x86_64/bin/../lib/gcc/avr/4.7.2/avr4/libgcc.a(_clear_bss.o)
 .text.libgcc.div
                0x0000000000000212        0x0 /home/moker/embed_learn/avr8-gnu-toolchain-linux_x86_64/bin/../lib/gcc/avr/4.7.2/avr4/libgcc.a(_clear_bss.o)
 .text.libgcc   0x0000000000000212        0x0 /home/moker/embed_learn/avr8-gnu-toolchain-linux_x86_64/bin/../lib/gcc/avr/4.7.2/avr4/libgcc.a(_clear_bss.o)
 .text.libgcc.prologue
                0x0000000000000212        0x0 /home/moker/embed_learn/avr8-gnu-toolchain-linux_x86_64/bin/../lib/gcc/avr/4.7.2/avr4/libgcc.a(_clear_bss.o)
 .text.libgcc.builtins
                0x0000000000000212        0x0 /home/moker/embed_learn/avr8-gnu-toolchain-linux_x86_64/bin/../lib/gcc/avr/4.7.2/avr4/libgcc.a(_clear_bss.o)
 .text.libgcc.fmul
                0x0000000000000212        0x0 /home/moker/embed_learn/avr8-gnu-toolchain-linux_x86_64/bin/../lib/gcc/avr/4.7.2/avr4/libgcc.a(_clear_bss.o)
 .text.avr-libc
                0x0000000000000212       0x22 /home/moker/embed_learn/avr8-gnu-toolchain-linux_x86_64/bin/../lib/gcc/avr/4.7.2/../../../../avr/lib/avr4/libc.a(printf.o)
                0x0000000000000212                printf
 .text.avr-libc
                0x0000000000000234       0x5e /home/moker/embed_learn/avr8-gnu-toolchain-linux_x86_64/bin/../lib/gcc/avr/4.7.2/../../../../avr/lib/avr4/libc.a(puts.o)
                0x0000000000000234                puts
 .text.avr-libc
                0x0000000000000292      0x39a /home/moker/embed_learn/avr8-gnu-toolchain-linux_x86_64/bin/../lib/gcc/avr/4.7.2/../../../../avr/lib/avr4/libc.a(vfprintf_std.o)
                0x0000000000000292                vfprintf
 .text.avr-libc
                0x000000000000062c       0x16 /home/moker/embed_learn/avr8-gnu-toolchain-linux_x86_64/bin/../lib/gcc/avr/4.7.2/../../../../avr/lib/avr4/libc.a(strnlen_P.o)
                0x000000000000062c                strnlen_P
 .text.avr-libc
                0x0000000000000642       0x16 /home/moker/embed_learn/avr8-gnu-toolchain-linux_x86_64/bin/../lib/gcc/avr/4.7.2/../../../../avr/lib/avr4/libc.a(strnlen.o)
                0x0000000000000642                strnlen
 .text.avr-libc
                0x0000000000000658       0x58 /home/moker/embed_learn/avr8-gnu-toolchain-linux_x86_64/bin/../lib/gcc/avr/4.7.2/../../../../avr/lib/avr4/libc.a(fputc.o)
                0x0000000000000658                fputc
 .text.avr-libc
                0x00000000000006b0       0xbc /home/moker/embed_learn/avr8-gnu-toolchain-linux_x86_64/bin/../lib/gcc/avr/4.7.2/../../../../avr/lib/avr4/libc.a(ultoa_invert.o)
                0x00000000000006b0                __ultoa_invert
 .text.libgcc.mul
                0x000000000000076c        0x0 /home/moker/embed_learn/avr8-gnu-toolchain-linux_x86_64/bin/../lib/gcc/avr/4.7.2/avr4/libgcc.a(_prologue.o)
 .text.libgcc.div
                0x000000000000076c        0x0 /home/moker/embed_learn/avr8-gnu-toolchain-linux_x86_64/bin/../lib/gcc/avr/4.7.2/avr4/libgcc.a(_prologue.o)
 .text.libgcc   0x000000000000076c        0x0 /home/moker/embed_learn/avr8-gnu-toolchain-linux_x86_64/bin/../lib/gcc/avr/4.7.2/avr4/libgcc.a(_prologue.o)
 .text.libgcc.prologue
                0x000000000000076c       0x38 /home/moker/embed_learn/avr8-gnu-toolchain-linux_x86_64/bin/../lib/gcc/avr/4.7.2/avr4/libgcc.a(_prologue.o)
                0x000000000000076c                __prologue_saves__
 .text.libgcc.builtins
                0x00000000000007a4        0x0 /home/moker/embed_learn/avr8-gnu-toolchain-linux_x86_64/bin/../lib/gcc/avr/4.7.2/avr4/libgcc.a(_prologue.o)
 .text.libgcc.fmul
                0x00000000000007a4        0x0 /home/moker/embed_learn/avr8-gnu-toolchain-linux_x86_64/bin/../lib/gcc/avr/4.7.2/avr4/libgcc.a(_prologue.o)
 .text.libgcc.mul
                0x00000000000007a4        0x0 /home/moker/embed_learn/avr8-gnu-toolchain-linux_x86_64/bin/../lib/gcc/avr/4.7.2/avr4/libgcc.a(_epilogue.o)
 .text.libgcc.div
                0x00000000000007a4        0x0 /home/moker/embed_learn/avr8-gnu-toolchain-linux_x86_64/bin/../lib/gcc/avr/4.7.2/avr4/libgcc.a(_epilogue.o)
 .text.libgcc   0x00000000000007a4        0x0 /home/moker/embed_learn/avr8-gnu-toolchain-linux_x86_64/bin/../lib/gcc/avr/4.7.2/avr4/libgcc.a(_epilogue.o)
 .text.libgcc.prologue
                0x00000000000007a4       0x36 /home/moker/embed_learn/avr8-gnu-toolchain-linux_x86_64/bin/../lib/gcc/avr/4.7.2/avr4/libgcc.a(_epilogue.o)
                0x00000000000007a4                __epilogue_restores__
 .text.libgcc.builtins
                0x00000000000007da        0x0 /home/moker/embed_learn/avr8-gnu-toolchain-linux_x86_64/bin/../lib/gcc/avr/4.7.2/avr4/libgcc.a(_epilogue.o)
 .text.libgcc.fmul
                0x00000000000007da        0x0 /home/moker/embed_learn/avr8-gnu-toolchain-linux_x86_64/bin/../lib/gcc/avr/4.7.2/avr4/libgcc.a(_epilogue.o)
                0x00000000000007da                . = ALIGN (0x2)
 *(.fini9)
 .fini9         0x00000000000007da        0x0 /home/moker/embed_learn/avr8-gnu-toolchain-linux_x86_64/bin/../lib/gcc/avr/4.7.2/avr4/libgcc.a(_exit.o)
                0x00000000000007da                exit
                0x00000000000007da                _exit
 *(.fini9)
 *(.fini8)
 *(.fini8)
 *(.fini7)
 *(.fini7)
 *(.fini6)
 *(.fini6)
 *(.fini5)
 *(.fini5)
 *(.fini4)
 *(.fini4)
 *(.fini3)
 *(.fini3)
 *(.fini2)
 *(.fini2)
 *(.fini1)
 *(.fini1)
 *(.fini0)
 .fini0         0x00000000000007da        0x4 /home/moker/embed_learn/avr8-gnu-toolchain-linux_x86_64/bin/../lib/gcc/avr/4.7.2/avr4/libgcc.a(_exit.o)
 *(.fini0)
                0x00000000000007de                _etext = .

.data           0x0000000000800100       0x26 load address 0x00000000000007de
                0x0000000000800100                PROVIDE (__data_start, .)
 *(.data)
 .data          0x0000000000800100        0x0 /home/moker/embed_learn/avr8-gnu-toolchain-linux_x86_64/bin/../lib/gcc/avr/4.7.2/../../../../avr/lib/avr4/crtm88p.o
 .data          0x0000000000800100        0xe main.o
 .data          0x000000000080010e        0x0 hw_spi.o
 .data          0x000000000080010e        0x0 hw_uart.o
 .data          0x000000000080010e        0x0 /home/moker/embed_learn/avr8-gnu-toolchain-linux_x86_64/bin/../lib/gcc/avr/4.7.2/avr4/libgcc.a(_udivmodsi4.o)
 .data          0x000000000080010e        0x0 /home/moker/embed_learn/avr8-gnu-toolchain-linux_x86_64/bin/../lib/gcc/avr/4.7.2/avr4/libgcc.a(_exit.o)
 .data          0x000000000080010e        0x0 /home/moker/embed_learn/avr8-gnu-toolchain-linux_x86_64/bin/../lib/gcc/avr/4.7.2/avr4/libgcc.a(_copy_data.o)
 .data          0x000000000080010e        0x0 /home/moker/embed_learn/avr8-gnu-toolchain-linux_x86_64/bin/../lib/gcc/avr/4.7.2/avr4/libgcc.a(_clear_bss.o)
 .data          0x000000000080010e        0x0 /home/moker/embed_learn/avr8-gnu-toolchain-linux_x86_64/bin/../lib/gcc/avr/4.7.2/../../../../avr/lib/avr4/libc.a(iob.o)
 .data          0x000000000080010e        0x0 /home/moker/embed_learn/avr8-gnu-toolchain-linux_x86_64/bin/../lib/gcc/avr/4.7.2/../../../../avr/lib/avr4/libc.a(printf.o)
 .data          0x000000000080010e        0x0 /home/moker/embed_learn/avr8-gnu-toolchain-linux_x86_64/bin/../lib/gcc/avr/4.7.2/../../../../avr/lib/avr4/libc.a(puts.o)
 .data          0x000000000080010e        0x0 /home/moker/embed_learn/avr8-gnu-toolchain-linux_x86_64/bin/../lib/gcc/avr/4.7.2/../../../../avr/lib/avr4/libc.a(vfprintf_std.o)
 .data          0x000000000080010e        0x0 /home/moker/embed_learn/avr8-gnu-toolchain-linux_x86_64/bin/../lib/gcc/avr/4.7.2/../../../../avr/lib/avr4/libc.a(strnlen_P.o)
 .data          0x000000000080010e        0x0 /home/moker/embed_learn/avr8-gnu-toolchain-linux_x86_64/bin/../lib/gcc/avr/4.7.2/../../../../avr/lib/avr4/libc.a(strnlen.o)
 .data          0x000000000080010e        0x0 /home/moker/embed_learn/avr8-gnu-toolchain-linux_x86_64/bin/../lib/gcc/avr/4.7.2/../../../../avr/lib/avr4/libc.a(fputc.o)
 .data          0x000000000080010e        0x0 /home/moker/embed_learn/avr8-gnu-toolchain-linux_x86_64/bin/../lib/gcc/avr/4.7.2/../../../../avr/lib/avr4/libc.a(ultoa_invert.o)
 .data          0x000000000080010e        0x0 /home/moker/embed_learn/avr8-gnu-toolchain-linux_x86_64/bin/../lib/gcc/avr/4.7.2/avr4/libgcc.a(_prologue.o)
 .data          0x000000000080010e        0x0 /home/moker/embed_learn/avr8-gnu-toolchain-linux_x86_64/bin/../lib/gcc/avr/4.7.2/avr4/libgcc.a(_epilogue.o)
 *(.data*)
 *(.rodata)
 *(.rodata*)
 .rodata.str1.1
                0x000000000080010e       0x18 main.o
 *(.gnu.linkonce.d*)
                0x0000000000800126                . = ALIGN (0x2)
                0x0000000000800126                _edata = .
                0x0000000000800126                PROVIDE (__data_end, .)

.bss            0x0000000000800126        0x8
                0x0000000000800126                PROVIDE (__bss_start, .)
 *(.bss)
 .bss           0x0000000000800126        0x0 /home/moker/embed_learn/avr8-gnu-toolchain-linux_x86_64/bin/../lib/gcc/avr/4.7.2/../../../../avr/lib/avr4/crtm88p.o
 .bss           0x0000000000800126        0x1 main.o
 .bss           0x0000000000800127        0x0 hw_spi.o
 .bss           0x0000000000800127        0x1 hw_uart.o
 .bss           0x0000000000800128        0x0 /home/moker/embed_learn/avr8-gnu-toolchain-linux_x86_64/bin/../lib/gcc/avr/4.7.2/avr4/libgcc.a(_udivmodsi4.o)
 .bss           0x0000000000800128        0x0 /home/moker/embed_learn/avr8-gnu-toolchain-linux_x86_64/bin/../lib/gcc/avr/4.7.2/avr4/libgcc.a(_exit.o)
 .bss           0x0000000000800128        0x0 /home/moker/embed_learn/avr8-gnu-toolchain-linux_x86_64/bin/../lib/gcc/avr/4.7.2/avr4/libgcc.a(_copy_data.o)
 .bss           0x0000000000800128        0x0 /home/moker/embed_learn/avr8-gnu-toolchain-linux_x86_64/bin/../lib/gcc/avr/4.7.2/avr4/libgcc.a(_clear_bss.o)
 .bss           0x0000000000800128        0x0 /home/moker/embed_learn/avr8-gnu-toolchain-linux_x86_64/bin/../lib/gcc/avr/4.7.2/../../../../avr/lib/avr4/libc.a(iob.o)
 .bss           0x0000000000800128        0x0 /home/moker/embed_learn/avr8-gnu-toolchain-linux_x86_64/bin/../lib/gcc/avr/4.7.2/../../../../avr/lib/avr4/libc.a(printf.o)
 .bss           0x0000000000800128        0x0 /home/moker/embed_learn/avr8-gnu-toolchain-linux_x86_64/bin/../lib/gcc/avr/4.7.2/../../../../avr/lib/avr4/libc.a(puts.o)
 .bss           0x0000000000800128        0x0 /home/moker/embed_learn/avr8-gnu-toolchain-linux_x86_64/bin/../lib/gcc/avr/4.7.2/../../../../avr/lib/avr4/libc.a(vfprintf_std.o)
 .bss           0x0000000000800128        0x0 /home/moker/embed_learn/avr8-gnu-toolchain-linux_x86_64/bin/../lib/gcc/avr/4.7.2/../../../../avr/lib/avr4/libc.a(strnlen_P.o)
 .bss           0x0000000000800128        0x0 /home/moker/embed_learn/avr8-gnu-toolchain-linux_x86_64/bin/../lib/gcc/avr/4.7.2/../../../../avr/lib/avr4/libc.a(strnlen.o)
 .bss           0x0000000000800128        0x0 /home/moker/embed_learn/avr8-gnu-toolchain-linux_x86_64/bin/../lib/gcc/avr/4.7.2/../../../../avr/lib/avr4/libc.a(fputc.o)
 .bss           0x0000000000800128        0x0 /home/moker/embed_learn/avr8-gnu-toolchain-linux_x86_64/bin/../lib/gcc/avr/4.7.2/../../../../avr/lib/avr4/libc.a(ultoa_invert.o)
 .bss           0x0000000000800128        0x0 /home/moker/embed_learn/avr8-gnu-toolchain-linux_x86_64/bin/../lib/gcc/avr/4.7.2/avr4/libgcc.a(_prologue.o)
 .bss           0x0000000000800128        0x0 /home/moker/embed_learn/avr8-gnu-toolchain-linux_x86_64/bin/../lib/gcc/avr/4.7.2/avr4/libgcc.a(_epilogue.o)
 *(.bss*)
 *(COMMON)
 COMMON         0x0000000000800128        0x6 /home/moker/embed_learn/avr8-gnu-toolchain-linux_x86_64/bin/../lib/gcc/avr/4.7.2/../../../../avr/lib/avr4/libc.a(iob.o)
                0x0000000000800128                __iob
                0x000000000080012e                PROVIDE (__bss_end, .)
                0x00000000000007de                __data_load_start = LOADADDR (.data)
                0x0000000000000804                __data_load_end = (__data_load_start + SIZEOF (.data))

.noinit         0x000000000080012e        0x0
                0x000000000080012e                PROVIDE (__noinit_start, .)
 *(.noinit*)
                0x000000000080012e                PROVIDE (__noinit_end, .)
                0x000000000080012e                _end = .
                0x000000000080012e                PROVIDE (__heap_start, .)

.eeprom         0x0000000000810000        0x0
 *(.eeprom*)
                0x0000000000810000                __eeprom_end = .

.fuse
 *(.fuse)
 *(.lfuse)
 *(.hfuse)
 *(.efuse)

.lock
 *(.lock*)

.signature
 *(.signature*)

.user_signatures
 *(.user_signatures*)

.stab           0x0000000000000000      0x6cc
 *(.stab)
 .stab          0x0000000000000000      0x6cc /home/moker/embed_learn/avr8-gnu-toolchain-linux_x86_64/bin/../lib/gcc/avr/4.7.2/../../../../avr/lib/avr4/crtm88p.o

.stabstr        0x0000000000000000       0x97
 *(.stabstr)
 .stabstr       0x0000000000000000       0x97 /home/moker/embed_learn/avr8-gnu-toolchain-linux_x86_64/bin/../lib/gcc/avr/4.7.2/../../../../avr/lib/avr4/crtm88p.o

.stab.excl
 *(.stab.excl)

.stab.exclstr
 *(.stab.exclstr)

.stab.index
 *(.stab.index)

.stab.indexstr
 *(.stab.indexstr)

.comment        0x0000000000000000       0x5b
 *(.comment)
 .comment       0x0000000000000000       0x2f main.o
                                         0x30 (size before relaxing)
 .comment       0x0000000000000000       0x30 hw_spi.o
 .comment       0x0000000000000000       0x30 hw_uart.o
 .comment       0x000000000000002f       0x2c /home/moker/embed_learn/avr8-gnu-toolchain-linux_x86_64/bin/../lib/gcc/avr/4.7.2/../../../../avr/lib/avr4/libc.a(iob.o)
                                         0x2d (size before relaxing)
 .comment       0x0000000000000000       0x2d /home/moker/embed_learn/avr8-gnu-toolchain-linux_x86_64/bin/../lib/gcc/avr/4.7.2/../../../../avr/lib/avr4/libc.a(printf.o)
 .comment       0x0000000000000000       0x2d /home/moker/embed_learn/avr8-gnu-toolchain-linux_x86_64/bin/../lib/gcc/avr/4.7.2/../../../../avr/lib/avr4/libc.a(puts.o)
 .comment       0x0000000000000000       0x2d /home/moker/embed_learn/avr8-gnu-toolchain-linux_x86_64/bin/../lib/gcc/avr/4.7.2/../../../../avr/lib/avr4/libc.a(vfprintf_std.o)
 .comment       0x0000000000000000       0x2d /home/moker/embed_learn/avr8-gnu-toolchain-linux_x86_64/bin/../lib/gcc/avr/4.7.2/../../../../avr/lib/avr4/libc.a(fputc.o)

.debug
 *(.debug)

.line
 *(.line)

.debug_srcinfo
 *(.debug_srcinfo)

.debug_sfnames
 *(.debug_sfnames)

.debug_aranges  0x0000000000000000       0x60
 *(.debug_aranges)
 .debug_aranges
                0x0000000000000000       0x20 main.o
 .debug_aranges
                0x0000000000000020       0x20 hw_spi.o
 .debug_aranges
                0x0000000000000040       0x20 hw_uart.o

.debug_pubnames
 *(.debug_pubnames)

.debug_info     0x0000000000000000      0x86d
 *(.debug_info)
 .debug_info    0x0000000000000000      0x35a main.o
 .debug_info    0x000000000000035a      0x26b hw_spi.o
 .debug_info    0x00000000000005c5      0x2a8 hw_uart.o
 *(.gnu.linkonce.wi.*)

.debug_abbrev   0x0000000000000000      0x45e
 *(.debug_abbrev)
 .debug_abbrev  0x0000000000000000      0x219 main.o
 .debug_abbrev  0x0000000000000219       0xf7 hw_spi.o
 .debug_abbrev  0x0000000000000310      0x14e hw_uart.o

.debug_line     0x0000000000000000      0x371
 *(.debug_line)
 .debug_line    0x0000000000000000      0x17a main.o
 .debug_line    0x000000000000017a       0xfc hw_spi.o
 .debug_line    0x0000000000000276       0xfb hw_uart.o

.debug_frame    0x0000000000000000       0xf4
 *(.debug_frame)
 .debug_frame   0x0000000000000000       0x34 main.o
 .debug_frame   0x0000000000000034       0x54 hw_spi.o
 .debug_frame   0x0000000000000088       0x6c hw_uart.o

.debug_str      0x0000000000000000      0x31a
 *(.debug_str)
 .debug_str     0x0000000000000000      0x1ad main.o
                                        0x1f6 (size before relaxing)
 .debug_str     0x00000000000001ad      0x10a hw_spi.o
                                        0x1f2 (size before relaxing)
 .debug_str     0x00000000000002b7       0x63 hw_uart.o
                                        0x1c4 (size before relaxing)

.debug_loc      0x0000000000000000      0x25e
 *(.debug_loc)
 .debug_loc     0x0000000000000000       0x69 main.o
 .debug_loc     0x0000000000000069       0xae hw_spi.o
 .debug_loc     0x0000000000000117      0x147 hw_uart.o

.debug_macinfo
 *(.debug_macinfo)

.debug_pubtypes
 *(.debug_pubtypes)

.debug_ranges   0x0000000000000000       0x10
 *(.debug_ranges)
 .debug_ranges  0x0000000000000000       0x10 main.o

.debug_macro
 *(.debug_macro)
OUTPUT(main.elf elf32-avr)
LOAD linker stubs
